Ôùç injected env (7) from .env.local // tip: Ôîÿ override existing { override: true }
ÔòÉÔòÉÔòÉÔòÉÔòÉÔòÉÔòÉÔòÉÔòÉÔòÉÔòÉÔòÉÔòÉÔòÉÔòÉÔòÉÔòÉÔòÉÔòÉÔòÉÔòÉÔòÉÔòÉÔòÉÔòÉÔòÉÔòÉÔòÉÔòÉÔòÉÔòÉÔòÉÔòÉÔòÉÔòÉÔòÉÔòÉÔòÉÔòÉÔòÉÔòÉÔòÉÔòÉÔòÉÔòÉÔòÉÔòÉÔòÉÔòÉÔòÉÔòÉÔòÉÔòÉÔòÉÔòÉÔòÉÔòÉÔòÉÔòÉ
TEST: Gemini v├¡a SDK de OpenAI (UP-04)
ÔòÉÔòÉÔòÉÔòÉÔòÉÔòÉÔòÉÔòÉÔòÉÔòÉÔòÉÔòÉÔòÉÔòÉÔòÉÔòÉÔòÉÔòÉÔòÉÔòÉÔòÉÔòÉÔòÉÔòÉÔòÉÔòÉÔòÉÔòÉÔòÉÔòÉÔòÉÔòÉÔòÉÔòÉÔòÉÔòÉÔòÉÔòÉÔòÉÔòÉÔòÉÔòÉÔòÉÔòÉÔòÉÔòÉÔòÉÔòÉÔòÉÔòÉÔòÉÔòÉÔòÉÔòÉÔòÉÔòÉÔòÉÔòÉÔòÉ
baseURL: https://generativelanguage.googleapis.com/v1beta/openai
model:   gemini-2.5-flash
topics:  5 (esperando 6 sesiones)

--- RESPUESTA CRUDA ---
{
  "objective_days": 3,
  "total_sessions": 6,
  "start_date": "2026-06-28",
  "estimated_end_date": "2026-06-30",
  "sessions": [
    {
      "session_number": 1,
      "day_number": 1,
      "session_type": "morning",
      "scheduled_time": "09:00",
      "duration_minutes": 90,
      "topic_codes": ["FL-1.1.1"],
      "method_used": "theory",
      "goal": "Identificar los objetivos t├¡picos del testing",
      "rationale": "Comenzar con un t├│pico K1 fundamental para establecer las bases."
    },
    {
      "session_number": 2,
      "day_number": 1,
      "session_type": "afternoon",
      "scheduled_time": "14:00",
      "duration_minutes": 90,
      "topic_codes": ["FL-2.1.1"],
      "method_used": "theory",
      "goal": "Explicar el modelo de desarrollo en V",
      "rationale": "Continuar con t├│picos K1 para asegurar la comprensi├│n de los fundamentos antes de K2."
    },
    {
      "session_number": 3,
      "day_number": 2,
      "session_type": "morning",
      "scheduled_time": "09:00",
      "duration_minutes": 90,
      "topic_codes": ["FL-1.2.1"],
      "method_used": "discussion",
      "goal": "Distinguir entre testing y debugging",
      "rationale": "Introducir t├│picos K2 despu├®s de haber cubierto completamente los t├│picos K1."
    },
    {
      "session_number": 4,
      "day_number": 2,
      "session_type": "afternoon",
      "scheduled_time": "14:00",
      "duration_minutes": 90,
      "topic_codes": ["FL-1.2.2"],
      "method_used": "theory",
      "goal": "Explicar la necesidad del testing",
      "rationale": "Continuar con t├│picos K2 para profundizar en la importancia del testing antes de K3."
    },
    {
      "session_number": 5,
      "day_number": 3,
      "session_type": "morning",
      "scheduled_time": "09:00",
      "duration_minutes": 90,
      "topic_codes": ["FL-2.2.1"],
      "method_used": "practical_exercise",
      "goal": "Aplicar el testing en modelos de desarrollo iterativos",
      "rationale": "Introducir el t├│pico K3 despu├®s de haber cubierto todos los t├│picos K1 y K2."
    },
    {
      "session_number": 6,
      "day_number": 3,
      "session_type": "afternoon",
      "scheduled_time": "14:00",
      "duration_minutes": 90,
      "topic_codes": ["FL-1.1.1", "FL-1.2.1"],
      "method_used": "review_and_qa",
      "goal": "Repaso de conceptos clave de K1 y K2 y resoluci├│n de dudas",
      "rationale": "Todas las K-levels han sido introducidas. Esta sesi├│n es para refuerzo y preguntas sobre los fundamentos."
    }
  ],
  "coverage": {
    "total_topics": 5,
    "covered_topic_codes": ["FL-1.1.1", "FL-1.2.1", "FL-1.2.2", "FL-2.1.1", "FL-2.2.1"],
    "omitted_topic_codes": []
  }
}

--- VALIDACI├ôN ---
Ô£à Plan v├ílido. Sin errores.

--- RESUMEN DEL PLAN ---
Sesiones: 6
T├│picos cubiertos: 5
T├│picos omitidos: 0
Sesi├│n 1: day=1 morning ÔåÆ FL-1.1.1

Tokens usados: 4121
ÔòÉÔòÉÔòÉÔòÉÔòÉÔòÉÔòÉÔòÉÔòÉÔòÉÔòÉÔòÉÔòÉÔòÉÔòÉÔòÉÔòÉÔòÉÔòÉÔòÉÔòÉÔòÉÔòÉÔòÉÔòÉÔòÉÔòÉÔòÉÔòÉÔòÉÔòÉÔòÉÔòÉÔòÉÔòÉÔòÉÔòÉÔòÉÔòÉÔòÉÔòÉÔòÉÔòÉÔòÉÔòÉÔòÉÔòÉÔòÉÔòÉÔòÉÔòÉÔòÉÔòÉÔòÉÔòÉÔòÉÔòÉÔòÉÔòÉ
